Archive member included to satisfy reference by file (symbol)

c:/program files (x86)/atmel/studio/7.0/toolchain/avr8/avr8-gnu-toolchain/bin/../lib/gcc/avr/5.4.0/../../../../avr/lib/avr5\libm.a(addsf3.o)
                              HAL/src/GPS.o (__subsf3)
c:/program files (x86)/atmel/studio/7.0/toolchain/avr8/avr8-gnu-toolchain/bin/../lib/gcc/avr/5.4.0/../../../../avr/lib/avr5\libm.a(addsf3x.o)
                              c:/program files (x86)/atmel/studio/7.0/toolchain/avr8/avr8-gnu-toolchain/bin/../lib/gcc/avr/5.4.0/../../../../avr/lib/avr5\libm.a(addsf3.o) (__addsf3x)
c:/program files (x86)/atmel/studio/7.0/toolchain/avr8/avr8-gnu-toolchain/bin/../lib/gcc/avr/5.4.0/../../../../avr/lib/avr5\libm.a(divsf3.o)
                              APPs/src/APPS.o (__divsf3)
c:/program files (x86)/atmel/studio/7.0/toolchain/avr8/avr8-gnu-toolchain/bin/../lib/gcc/avr/5.4.0/../../../../avr/lib/avr5\libm.a(divsf3x.o)
                              c:/program files (x86)/atmel/studio/7.0/toolchain/avr8/avr8-gnu-toolchain/bin/../lib/gcc/avr/5.4.0/../../../../avr/lib/avr5\libm.a(divsf3.o) (__divsf3x)
c:/program files (x86)/atmel/studio/7.0/toolchain/avr8/avr8-gnu-toolchain/bin/../lib/gcc/avr/5.4.0/../../../../avr/lib/avr5\libm.a(fixsfsi.o)
                              HAL/src/GPS.o (__fixsfsi)
c:/program files (x86)/atmel/studio/7.0/toolchain/avr8/avr8-gnu-toolchain/bin/../lib/gcc/avr/5.4.0/../../../../avr/lib/avr5\libm.a(fixunssfsi.o)
                              APPs/src/APPS.o (__fixunssfsi)
c:/program files (x86)/atmel/studio/7.0/toolchain/avr8/avr8-gnu-toolchain/bin/../lib/gcc/avr/5.4.0/../../../../avr/lib/avr5\libm.a(floatsisf.o)
                              APPs/src/APPS.o (__floatunsisf)
c:/program files (x86)/atmel/studio/7.0/toolchain/avr8/avr8-gnu-toolchain/bin/../lib/gcc/avr/5.4.0/../../../../avr/lib/avr5\libm.a(fp_inf.o)
                              c:/program files (x86)/atmel/studio/7.0/toolchain/avr8/avr8-gnu-toolchain/bin/../lib/gcc/avr/5.4.0/../../../../avr/lib/avr5\libm.a(addsf3x.o) (__fp_inf)
c:/program files (x86)/atmel/studio/7.0/toolchain/avr8/avr8-gnu-toolchain/bin/../lib/gcc/avr/5.4.0/../../../../avr/lib/avr5\libm.a(fp_nan.o)
                              c:/program files (x86)/atmel/studio/7.0/toolchain/avr8/avr8-gnu-toolchain/bin/../lib/gcc/avr/5.4.0/../../../../avr/lib/avr5\libm.a(addsf3x.o) (__fp_nan)
c:/program files (x86)/atmel/studio/7.0/toolchain/avr8/avr8-gnu-toolchain/bin/../lib/gcc/avr/5.4.0/../../../../avr/lib/avr5\libm.a(fp_pscA.o)
                              c:/program files (x86)/atmel/studio/7.0/toolchain/avr8/avr8-gnu-toolchain/bin/../lib/gcc/avr/5.4.0/../../../../avr/lib/avr5\libm.a(addsf3x.o) (__fp_pscA)
c:/program files (x86)/atmel/studio/7.0/toolchain/avr8/avr8-gnu-toolchain/bin/../lib/gcc/avr/5.4.0/../../../../avr/lib/avr5\libm.a(fp_pscB.o)
                              c:/program files (x86)/atmel/studio/7.0/toolchain/avr8/avr8-gnu-toolchain/bin/../lib/gcc/avr/5.4.0/../../../../avr/lib/avr5\libm.a(addsf3x.o) (__fp_pscB)
c:/program files (x86)/atmel/studio/7.0/toolchain/avr8/avr8-gnu-toolchain/bin/../lib/gcc/avr/5.4.0/../../../../avr/lib/avr5\libm.a(fp_round.o)
                              c:/program files (x86)/atmel/studio/7.0/toolchain/avr8/avr8-gnu-toolchain/bin/../lib/gcc/avr/5.4.0/../../../../avr/lib/avr5\libm.a(addsf3.o) (__fp_round)
c:/program files (x86)/atmel/studio/7.0/toolchain/avr8/avr8-gnu-toolchain/bin/../lib/gcc/avr/5.4.0/../../../../avr/lib/avr5\libm.a(fp_split3.o)
                              c:/program files (x86)/atmel/studio/7.0/toolchain/avr8/avr8-gnu-toolchain/bin/../lib/gcc/avr/5.4.0/../../../../avr/lib/avr5\libm.a(addsf3x.o) (__fp_split3)
c:/program files (x86)/atmel/studio/7.0/toolchain/avr8/avr8-gnu-toolchain/bin/../lib/gcc/avr/5.4.0/../../../../avr/lib/avr5\libm.a(fp_zero.o)
                              c:/program files (x86)/atmel/studio/7.0/toolchain/avr8/avr8-gnu-toolchain/bin/../lib/gcc/avr/5.4.0/../../../../avr/lib/avr5\libm.a(addsf3x.o) (__fp_zero)
c:/program files (x86)/atmel/studio/7.0/toolchain/avr8/avr8-gnu-toolchain/bin/../lib/gcc/avr/5.4.0/../../../../avr/lib/avr5\libm.a(mulsf3.o)
                              APPs/src/APPS.o (__mulsf3)
c:/program files (x86)/atmel/studio/7.0/toolchain/avr8/avr8-gnu-toolchain/bin/../lib/gcc/avr/5.4.0/../../../../avr/lib/avr5\libm.a(mulsf3x.o)
                              c:/program files (x86)/atmel/studio/7.0/toolchain/avr8/avr8-gnu-toolchain/bin/../lib/gcc/avr/5.4.0/../../../../avr/lib/avr5\libm.a(mulsf3.o) (__mulsf3x)
c:/program files (x86)/atmel/studio/7.0/toolchain/avr8/avr8-gnu-toolchain/bin/../lib/gcc/avr/5.4.0/avr5\libgcc.a(_udivmodsi4.o)
                              APPs/src/APPS.o (__udivmodsi4)
c:/program files (x86)/atmel/studio/7.0/toolchain/avr8/avr8-gnu-toolchain/bin/../lib/gcc/avr/5.4.0/avr5\libgcc.a(_exit.o)
[...]
Memory Configuration

Name             Origin             Length             Attributes
text             0x00000000         0x00020000         xr
data             0x00800060         0x0000ffa0         rw !x
eeprom           0x00810000         0x00010000         rw !x
fuse             0x00820000         0x00000002         rw !x
lock             0x00830000         0x00000400         rw !x
signature        0x00840000         0x00000400         rw !x
user_signatures  0x00850000         0x00000400         rw !x
*default*        0x00000000         0xffffffff

Linker script and memory map

LOAD C:/Program Files (x86)/Atmel/Studio/7.0/Packs/atmel/ATmega_DFP/1.1.130/gcc/dev/atmega32/avr5/crtatmega32.o
LOAD APPs/src/APPS.o
LOAD app/main.o
LOAD HAL/src/ExtEEPROM.o
LOAD HAL/src/DHT.o
LOAD HAL/src/GLCD.o
LOAD HAL/src/GPS.o
LOAD HAL/src/I2C EEPROM.o
LOAD HAL/src/KEYPAD.o
LOAD HAL/src/LCD.o
LOAD HAL/src/RTC.o
LOAD HAL/src/SERVO.o
LOAD MCAL/EXT_INT.o
LOAD MCAL/src/ADC.o
LOAD MCAL/src/DIO.o
LOAD MCAL/src/I2C.o
LOAD MCAL/src/spi.o
LOAD MCAL/src/Timers.o
LOAD MCAL/src/UART.o
START GROUP
LOAD c:/program files (x86)/atmel/studio/7.0/toolchain/avr8/avr8-gnu-toolchain/bin/../lib/gcc/avr/5.4.0/../../../../avr/lib/avr5\libm.a
END GROUP
START GROUP
LOAD c:/program files (x86)/atmel/studio/7.0/toolchain/avr8/avr8-gnu-toolchain/bin/../lib/gcc/avr/5.4.0/avr5\libgcc.a
LOAD c:/program files (x86)/atmel/studio/7.0/toolchain/avr8/avr8-gnu-toolchain/bin/../lib/gcc/avr/5.4.0/../../../../avr/lib/avr5\libm.a
LOAD c:/program files (x86)/atmel/studio/7.0/toolchain/avr8/avr8-gnu-toolchain/bin/../lib/gcc/avr/5.4.0/../../../../avr/lib/avr5\libc.a
LOAD C:/Program Files (x86)/Atmel/Studio/7.0/Packs/atmel/ATmega_DFP/1.1.130/gcc/dev/atmega32/avr5\libatmega32.a
END GROUP
                0x00000000                __TEXT_REGION_ORIGIN__ = DEFINED (__TEXT_REGION_ORIGIN__)?__TEXT_REGION_ORIGIN__:0x0
                0x00800060                __DATA_REGION_ORIGIN__ = DEFINED (__DATA_REGION_ORIGIN__)?__DATA_REGION_ORIGIN__:0x800060
                0x00020000                __TEXT_REGION_LENGTH__ = DEFINED (__TEXT_REGION_LENGTH__)?__TEXT_REGION_LENGTH__:0x20000
                0x0000ffa0                __DATA_REGION_LENGTH__ = DEFINED (__DATA_REGION_LENGTH__)?__DATA_REGION_LENGTH__:0xffa0
                0x00010000                __EEPROM_REGION_LENGTH__ = DEFINED (__EEPROM_REGION_LENGTH__)?__EEPROM_REGION_LENGTH__:0x10000
                [0x00000002]                __FUSE_REGION_LENGTH__ = DEFINED (__FUSE_REGION_LENGTH__)?__FUSE_REGION_LENGTH__:0x400
                0x00000400                __LOCK_REGION_LENGTH__ = DEFINED (__LOCK_REGION_LENGTH__)?__LOCK_REGION_LENGTH__:0x400
                0x00000400                __SIGNATURE_REGION_LENGTH__ = DEFINED (__SIGNATURE_REGION_LENGTH__)?__SIGNATURE_REGION_LENGTH__:0x400
                0x00000400                __USER_SIGNATURE_REGION_LENGTH__ = DEFINED (__USER_SIGNATURE_REGION_LENGTH__)?__USER_SIGNATURE_REGION_LENGTH__:0x400

.hash
 *(.hash)

.dynsym
 *(.dynsym)

.dynstr
 *(.dynstr)

.gnu.version
 *(.gnu.version)

.gnu.version_d
 *(.gnu.version_d)

.gnu.version_r
 *(.gnu.version_r)

.rel.init
 *(.rel.init)

.rela.init
 *(.rela.init)

.rel.text
 *(.rel.text)
 *(.rel.text.*)
 *(.rel.gnu.linkonce.t*)

.rela.text
 *(.rela.text)
 *(.rela.text.*)
 *(.rela.gnu.linkonce.t*)

.rel.fini
 *(.rel.fini)

.rela.fini
 *(.rela.fini)

.rel.rodata
 *(.rel.rodata)
 *(.rel.rodata.*)
 *(.rel.gnu.linkonce.r*)

.rela.rodata
 *(.rela.rodata)
 *(.rela.rodata.*)
 *(.rela.gnu.linkonce.r*)

.rel.data
 *(.rel.data)
 *(.rel.data.*)
 *(.rel.gnu.linkonce.d*)

.rela.data
 *(.rela.data)
 *(.rela.data.*)
 *(.rela.gnu.linkonce.d*)

.rel.ctors
 *(.rel.ctors)

.rela.ctors
 *(.rela.ctors)

.rel.dtors
 *(.rel.dtors)

.rela.dtors
 *(.rela.dtors)

.rel.got
 *(.rel.got)

.rela.got
 *(.rela.got)

.rel.bss
 *(.rel.bss)

.rela.bss
 *(.rela.bss)

.rel.plt
 *(.rel.plt)

.rela.plt
 *(.rela.plt)

.text           0x00000000      0xc1c
 *(.vectors)
 .vectors       0x00000000       0x54 C:/Program Files (x86)/Atmel/Studio/7.0/Packs/atmel/ATmega_DFP/1.1.130/gcc/dev/atmega32/avr5/crtatmega32.o
                0x00000000                __vector_default
                0x00000000                __vectors
 *(.vectors)
 *(.progmem.gcc*)
                0x00000054                . = ALIGN (0x2)
                0x00000054                __trampolines_start = .
 *(.trampolines)
 .trampolines   0x00000054        0x0 linker stubs
 *(.trampolines*)
                0x00000054                __trampolines_end = .
 *libprintf_flt.a:*(.progmem.data)
 *libc.a:*(.progmem.data)
 *(.progmem*)
                0x00000054                . = ALIGN (0x2)
 *(.jumptables)
 *(.jumptables*)
 *(.lowtext)
 *(.lowtext*)
                0x00000054                __ctors_start = .
 *(.ctors)
                0x00000054                __ctors_end = .
                0x00000054                __dtors_start = .
 *(.dtors)
                0x00000054                __dtors_end = .
 SORT(*)(.ctors)
 SORT(*)(.dtors)
 *(.init0)
 .init0         0x00000054        0x0 C:/Program Files (x86)/Atmel/Studio/7.0/Packs/atmel/ATmega_DFP/1.1.130/gcc/dev/atmega32/avr5/crtatmega32.o
                0x00000054                __init
 *(.init0)
 *(.init1)
 *(.init1)
 *(.init2)
 .init2         0x00000054        0xc C:/Program Files (x86)/Atmel/Studio/7.0/Packs/atmel/ATmega_DFP/1.1.130/gcc/dev/atmega32/avr5/crtatmega32.o
 *(.init2)
 *(.init3)
 *(.init3)
 *(.init4)
 .init4         0x00000060       0x16 c:/program files (x86)/atmel/studio/7.0/toolchain/avr8/avr8-gnu-toolchain/bin/../lib/gcc/avr/5.4.0/avr5\libgcc.a(_copy_data.o)
                0x00000060                __do_copy_data
 .init4         0x00000076       0x10 c:/program files (x86)/atmel/studio/7.0/toolchain/avr8/avr8-gnu-toolchain/bin/../lib/gcc/avr/5.4.0/avr5\libgcc.a(_clear_bss.o)
                0x00000076                __do_clear_bss
 *(.init4)
 *(.init5)
 *(.init5)
 *(.init6)
 *(.init6)
 *(.init7)
 *(.init7)
 *(.init8)
 *(.init8)
 *(.init9)
 .init9         0x00000086        0x8 C:/Program Files (x86)/Atmel/Studio/7.0/Packs/atmel/ATmega_DFP/1.1.130/gcc/dev/atmega32/avr5/crtatmega32.o
 *(.init9)
 *(.text)
 .text          0x0000008e        0x4 C:/Program Files (x86)/Atmel/Studio/7.0/Packs/atmel/ATmega_DFP/1.1.130/gcc/dev/atmega32/avr5/crtatmega32.o
                0x0000008e                __vector_1
                0x0000008e                __vector_12
                0x0000008e                __bad_interrupt
                0x0000008e                __vector_6
                0x0000008e                __vector_3
                0x0000008e                __vector_17
                0x0000008e                __vector_19
                0x0000008e                __vector_7
                0x0000008e                __vector_5
                0x0000008e                __vector_4
                0x0000008e                __vector_9
                0x0000008e                __vector_2
                0x0000008e                __vector_15
                0x0000008e                __vector_8
                0x0000008e                __vector_14
                0x0000008e                __vector_10
                0x0000008e                __vector_16
                0x0000008e                __vector_18
                0x0000008e                __vector_20
                0x00000092                . = ALIGN (0x2)
 *(.text.*)
 .text.Clock_APP
                0x00000092       0x5a APPs/src/APPS.o
                0x00000092                Clock_APP
 .text.main     0x000000ec        0xa app/main.o
                0x000000ec                main
 .text.LCD_latch
                0x000000f6       0x2a HAL/src/LCD.o
                0x000000f6                LCD_latch
 .text.SendToLCD
                0x00000120       0x54 HAL/src/LCD.o
                0x00000120                SendToLCD
 .text.LCD_send_cmd
                0x00000174       0x16 HAL/src/LCD.o
                0x00000174                LCD_send_cmd
 .text.LCD_CLEAR
                0x0000018a       0x14 HAL/src/LCD.o
                0x0000018a                LCD_CLEAR
 .text.LCD_ret_Home
                0x0000019e       0x14 HAL/src/LCD.o
                0x0000019e                LCD_ret_Home
 .text.LCD_init
                0x000001b2       0x54 HAL/src/LCD.o
                0x000001b2                LCD_init
 .text.LCD_send_data
                0x00000206       0x16 HAL/src/LCD.o
                0x00000206                LCD_send_data
 .text.disp_char
                0x0000021c        0x6 HAL/src/LCD.o
                0x0000021c                disp_char
 .text.disp_str
                0x00000222       0x26 HAL/src/LCD.o
                0x00000222                disp_str
 .text.LCD_GOTXY
                0x00000248       0x1c HAL/src/LCD.o
                0x00000248                LCD_GOTXY
 .text.disp_strXY
                0x00000264       0x16 HAL/src/LCD.o
                0x00000264                disp_strXY
 .text.Read_RTC
                0x0000027a      0x156 HAL/src/RTC.o
                0x0000027a                Read_RTC
 .text.writePin
                0x000003d0      0x12c MCAL/src/DIO.o
                0x000003d0                writePin
 .text.writePins
                0x000004fc       0x1e MCAL/src/DIO.o
                0x000004fc                writePins
 .text.pinsDirection
                0x0000051a       0x1e MCAL/src/DIO.o
                0x0000051a                pinsDirection
 .text.I2C_Init
                0x00000538        0xc MCAL/src/I2C.o
                0x00000538                I2C_Init
 .text.I2C_Stop
                0x00000544        0x6 MCAL/src/I2C.o
                0x00000544                I2C_Stop
 .text.I2C_Check_status
                0x0000054a       0x10 MCAL/src/I2C.o
                0x0000054a                I2C_Check_status
 .text.I2C_start
                0x0000055a       0x12 MCAL/src/I2C.o
                0x0000055a                I2C_start
 .text.I2C_Write
                0x0000056c       0x14 MCAL/src/I2C.o
                0x0000056c                I2C_Write
 .text.I2C_Read
                0x00000580       0x36 MCAL/src/I2C.o
                0x00000580                I2C_Read
 .text.__vector_11
                0x000005b6       0x4a MCAL/src/Timers.o
                0x000005b6                __vector_11
 .text.__vector_13
                0x00000600       0x44 MCAL/src/UART.o
                0x00000600                __vector_13
 .text.avr-libc
                0x00000644       0x44 c:/program files (x86)/atmel/studio/7.0/toolchain/avr8/avr8-gnu-toolchain/bin/../lib/gcc/avr/5.4.0/../../../../avr/lib/avr5\libc.a(sprintf.o)
                0x00000644                sprintf
 .text.avr-libc
                0x00000688      0x3c2 c:/program files (x86)/atmel/studio/7.0/toolchain/avr8/avr8-gnu-toolchain/bin/../lib/gcc/avr/5.4.0/../../../../avr/lib/avr5\libc.a(vfprintf_std.o)
                0x00000688                vfprintf
 .text.avr-libc
                0x00000a4a       0x16 c:/program files (x86)/atmel/studio/7.0/toolchain/avr8/avr8-gnu-toolchain/bin/../lib/gcc/avr/5.4.0/../../../../avr/lib/avr5\libc.a(strnlen_P.o)
                0x00000a4a                strnlen_P
 .text.avr-libc
                0x00000a60       0x16 c:/program files (x86)/atmel/studio/7.0/toolchain/avr8/avr8-gnu-toolchain/bin/../lib/gcc/avr/5.4.0/../../../../avr/lib/avr5\libc.a(strnlen.o)
                0x00000a60                strnlen
 .text.avr-libc
                0x00000a76       0x78 c:/program files (x86)/atmel/studio/7.0/toolchain/avr8/avr8-gnu-toolchain/bin/../lib/gcc/avr/5.4.0/../../../../avr/lib/avr5\libc.a(fputc.o)
                0x00000a76                fputc
 .text.avr-libc
                0x00000aee       0xbc c:/program files (x86)/atmel/studio/7.0/toolchain/avr8/avr8-gnu-toolchain/bin/../lib/gcc/avr/5.4.0/../../../../avr/lib/avr5\libc.a(ultoa_invert.o)
                0x00000aee                __ultoa_invert
 .text.libgcc.prologue
                0x00000baa       0x38 c:/program files (x86)/atmel/studio/7.0/toolchain/avr8/avr8-gnu-toolchain/bin/../lib/gcc/avr/5.4.0/avr5\libgcc.a(_prologue.o)
                0x00000baa                __prologue_saves__
 .text.libgcc.prologue
                0x00000be2       0x36 c:/program files (x86)/atmel/studio/7.0/toolchain/avr8/avr8-gnu-toolchain/bin/../lib/gcc/avr/5.4.0/avr5\libgcc.a(_epilogue.o)
                0x00000be2                __epilogue_restores__
                0x00000c18                . = ALIGN (0x2)
 *(.fini9)
 .fini9         0x00000c18        0x0 c:/program files (x86)/atmel/studio/7.0/toolchain/avr8/avr8-gnu-toolchain/bin/../lib/gcc/avr/5.4.0/avr5\libgcc.a(_exit.o)
                0x00000c18                _exit
                0x00000c18                exit
 *(.fini9)
 *(.fini8)
 *(.fini8)
 *(.fini7)
 *(.fini7)
 *(.fini6)
 *(.fini6)
 *(.fini5)
 *(.fini5)
 *(.fini4)
 *(.fini4)
 *(.fini3)
 *(.fini3)
 *(.fini2)
 *(.fini2)
 *(.fini1)
 *(.fini1)
 *(.fini0)
 .fini0         0x00000c18        0x4 c:/program files (x86)/atmel/studio/7.0/toolchain/avr8/avr8-gnu-toolchain/bin/../lib/gcc/avr/5.4.0/avr5\libgcc.a(_exit.o)
 *(.fini0)
                0x00000c1c                _etext = .

.data           0x00800060       0x44 load address 0x00000c1c
                0x00800060                PROVIDE (__data_start, .)
 *(.data)
 *(.data*)
 .data.days     0x00800060       0x20 HAL/src/RTC.o
                0x00800060                days
 *(.gnu.linkonce.d*)
 *(.rodata)
 *(.rodata*)
 .rodata.str1.1
                0x00800080       0x23 HAL/src/RTC.o
 *(.gnu.linkonce.r*)
                0x008000a4                . = ALIGN (0x2)
 *fill*         0x008000a3        0x1 
                0x008000a4                _edata = .
                0x008000a4                PROVIDE (__data_end, .)

.bss            0x008000a4       0x69
                0x008000a4                PROVIDE (__bss_start, .)
 *(.bss)
 *(.bss*)
 .bss.overflow  0x008000a4        0x4 MCAL/src/Timers.o
 .bss.i         0x008000a8        0x1 MCAL/src/UART.o
                0x008000a8                i
 *(COMMON)
 COMMON         0x008000a9       0x64 MCAL/src/UART.o
                0x008000a9                gps
                0x0080010d                PROVIDE (__bss_end, .)
                0x00000c1c                __data_load_start = LOADADDR (.data)
                0x00000c60                __data_load_end = (__data_load_start + SIZEOF (.data))

.noinit         0x0080010d        0x0
                [!provide]                PROVIDE (__noinit_start, .)
 *(.noinit*)
                [!provide]                PROVIDE (__noinit_end, .)
                0x0080010d                _end = .
                [!provide]                PROVIDE (__heap_start, .)

.eeprom         0x00810000        0x0
 *(.eeprom*)
                0x00810000                __eeprom_end = .

.fuse
 *(.fuse)
 *(.lfuse)
 *(.hfuse)
 *(.efuse)

.lock
 *(.lock*)

.signature
 *(.signature*)

.user_signatures
 *(.user_signatures*)

.stab
 *(.stab)

.stabstr
 *(.stabstr)

.stab.excl
 *(.stab.excl)

.stab.exclstr
 *(.stab.exclstr)

.stab.index
 *(.stab.index)

.stab.indexstr
 *(.stab.indexstr)

.comment        0x00000000       0x5c
 *(.comment)
 .comment       0x00000000       0x30 APPs/src/APPS.o
                                 0x31 (size before relaxing)
 .comment       0x00000030       0x31 app/main.o
 .comment       0x00000030       0x31 HAL/src/LCD.o
 .comment       0x00000030       0x31 HAL/src/RTC.o
 .comment       0x00000030       0x31 MCAL/src/DIO.o
 .comment       0x00000030       0x31 MCAL/src/I2C.o
 .comment       0x00000030       0x31 MCAL/src/Timers.o
 .comment       0x00000030       0x31 MCAL/src/UART.o
 .comment       0x00000030       0x31 c:/program files (x86)/atmel/studio/7.0/toolchain/avr8/avr8-gnu-toolchain/bin/../lib/gcc/avr/5.4.0/../../../../avr/lib/avr5\libc.a(sprintf.o)
 .comment       0x00000030       0x2c c:/program files (x86)/atmel/studio/7.0/toolchain/avr8/avr8-gnu-toolchain/bin/../lib/gcc/avr/5.4.0/../../../../avr/lib/avr5\libc.a(vfprintf_std.o)
                                 0x2d (size before relaxing)
 .comment       0x0000005c       0x31 c:/program files (x86)/atmel/studio/7.0/toolchain/avr8/avr8-gnu-toolchain/bin/../lib/gcc/avr/5.4.0/../../../../avr/lib/avr5\libc.a(fputc.o)

.note.gnu.avr.deviceinfo
                0x00000000       0x3c
 .note.gnu.avr.deviceinfo
                0x00000000       0x3c C:/Program Files (x86)/Atmel/Studio/7.0/Packs/atmel/ATmega_DFP/1.1.130/gcc/dev/atmega32/avr5/crtatmega32.o

.note.gnu.build-id
 *(.note.gnu.build-id)

.debug
 *(.debug)

.line
 *(.line)

.debug_srcinfo
 *(.debug_srcinfo)

.debug_sfnames
 *(.debug_sfnames)

.debug_aranges  0x00000000      0x278
 *(.debug_aranges)
 .debug_aranges
                0x00000000       0x68 APPs/src/APPS.o
 .debug_aranges
                0x00000068       0x28 app/main.o
 .debug_aranges
                0x00000090       0x88 HAL/src/LCD.o
 .debug_aranges
                0x00000118       0x28 HAL/src/RTC.o
 .debug_aranges
                0x00000140       0x50 MCAL/src/DIO.o
 .debug_aranges
                0x00000190       0x50 MCAL/src/I2C.o
 .debug_aranges
                0x000001e0       0x60 MCAL/src/Timers.o
 .debug_aranges
                0x00000240       0x38 MCAL/src/UART.o

.debug_pubnames
 *(.debug_pubnames)

.debug_info     0x00000000     0x3cc2
 *(.debug_info .gnu.linkonce.wi.*)
 .debug_info    0x00000000      0x4e6 C:/Program Files (x86)/Atmel/Studio/7.0/Packs/atmel/ATmega_DFP/1.1.130/gcc/dev/atmega32/avr5/crtatmega32.o
 .debug_info    0x000004e6     0x10fa APPs/src/APPS.o
 .debug_info    0x000015e0      0x409 app/main.o
 .debug_info    0x000019e9      0xaba HAL/src/LCD.o
 .debug_info    0x000024a3      0x697 HAL/src/RTC.o
 .debug_info    0x00002b3a      0x597 MCAL/src/DIO.o
 .debug_info    0x000030d1      0x401 MCAL/src/I2C.o
 .debug_info    0x000034d2      0x44b MCAL/src/Timers.o
 .debug_info    0x0000391d      0x3a5 MCAL/src/UART.o

.debug_abbrev   0x00000000      0xf5e
 *(.debug_abbrev)
 .debug_abbrev  0x00000000      0x4a3 C:/Program Files (x86)/Atmel/Studio/7.0/Packs/atmel/ATmega_DFP/1.1.130/gcc/dev/atmega32/avr5/crtatmega32.o
 .debug_abbrev  0x000004a3      0x258 APPs/src/APPS.o
 .debug_abbrev  0x000006fb      0x11b app/main.o
 .debug_abbrev  0x00000816      0x1dc HAL/src/LCD.o
 .debug_abbrev  0x000009f2      0x124 HAL/src/RTC.o
 .debug_abbrev  0x00000b16       0xfa MCAL/src/DIO.o
 .debug_abbrev  0x00000c10      0x102 MCAL/src/I2C.o
 .debug_abbrev  0x00000d12      0x11b MCAL/src/Timers.o
 .debug_abbrev  0x00000e2d      0x131 MCAL/src/UART.o

.debug_line     0x00000000     0x1503
 *(.debug_line .debug_line.* .debug_line_end)
 .debug_line    0x00000000      0x115 C:/Program Files (x86)/Atmel/Studio/7.0/Packs/atmel/ATmega_DFP/1.1.130/gcc/dev/atmega32/avr5/crtatmega32.o
 .debug_line    0x00000115      0x57b APPs/src/APPS.o
 .debug_line    0x00000690       0xf5 app/main.o
 .debug_line    0x00000785      0x3a2 HAL/src/LCD.o
 .debug_line    0x00000b27      0x1b8 HAL/src/RTC.o
 .debug_line    0x00000cdf      0x27f MCAL/src/DIO.o
 .debug_line    0x00000f5e      0x197 MCAL/src/I2C.o
 .debug_line    0x000010f5      0x27c MCAL/src/Timers.o
 .debug_line    0x00001371      0x192 MCAL/src/UART.o

.debug_frame    0x00000000      0x598
 *(.debug_frame)
 .debug_frame   0x00000000      0x114 APPs/src/APPS.o
 .debug_frame   0x00000114       0x48 app/main.o
 .debug_frame   0x0000015c      0x160 HAL/src/LCD.o
 .debug_frame   0x000002bc       0x7c HAL/src/RTC.o
 .debug_frame   0x00000338       0x84 MCAL/src/DIO.o
 .debug_frame   0x000003bc       0x90 MCAL/src/I2C.o
 .debug_frame   0x0000044c       0xd8 MCAL/src/Timers.o
 .debug_frame   0x00000524       0x74 MCAL/src/UART.o

.debug_str      0x00000000      0xa22
 *(.debug_str)
 .debug_str     0x00000000      0x196 C:/Program Files (x86)/Atmel/Studio/7.0/Packs/atmel/ATmega_DFP/1.1.130/gcc/dev/atmega32/avr5/crtatmega32.o
 .debug_str     0x00000196      0x57a APPs/src/APPS.o
                                0x5ca (size before relaxing)
 .debug_str     0x00000710       0x3d app/main.o
                                0x33f (size before relaxing)
 .debug_str     0x0000074d       0xb3 HAL/src/LCD.o
                                0x458 (size before relaxing)
 .debug_str     0x00000800       0x6c HAL/src/RTC.o
                                0x37a (size before relaxing)
 .debug_str     0x0000086c       0x66 MCAL/src/DIO.o
                                0x397 (size before relaxing)
 .debug_str     0x000008d2       0x42 MCAL/src/I2C.o
                                0x36a (size before relaxing)
 .debug_str     0x00000914       0xc6 MCAL/src/Timers.o
                                0x3c4 (size before relaxing)
 .debug_str     0x000009da       0x48 MCAL/src/UART.o
                                0x35f (size before relaxing)

.debug_loc      0x00000000     0x16c4
 *(.debug_loc)
 .debug_loc     0x00000000      0x593 APPs/src/APPS.o
 .debug_loc     0x00000593       0xbf app/main.o
 .debug_loc     0x00000652      0x647 HAL/src/LCD.o
 .debug_loc     0x00000c99      0x24a HAL/src/RTC.o
 .debug_loc     0x00000ee3      0x4d0 MCAL/src/DIO.o
 .debug_loc     0x000013b3       0xf5 MCAL/src/I2C.o
 .debug_loc     0x000014a8      0x16f MCAL/src/Timers.o
 .debug_loc     0x00001617       0xad MCAL/src/UART.o

.debug_macinfo
 *(.debug_macinfo)

.debug_weaknames
 *(.debug_weaknames)

.debug_funcnames
 *(.debug_funcnames)

.debug_typenames
 *(.debug_typenames)

.debug_varnames
 *(.debug_varnames)

.debug_pubtypes
 *(.debug_pubtypes)

.debug_ranges   0x00000000      0x1f8
 *(.debug_ranges)
 .debug_ranges  0x00000000       0x58 APPs/src/APPS.o
 .debug_ranges  0x00000058       0x18 app/main.o
 .debug_ranges  0x00000070       0x78 HAL/src/LCD.o
 .debug_ranges  0x000000e8       0x18 HAL/src/RTC.o
 .debug_ranges  0x00000100       0x40 MCAL/src/DIO.o
 .debug_ranges  0x00000140       0x40 MCAL/src/I2C.o
 .debug_ranges  0x00000180       0x50 MCAL/src/Timers.o
 .debug_ranges  0x000001d0       0x28 MCAL/src/UART.o

.debug_macro
 *(.debug_macro)
OUTPUT(Atmega32 drivers.elf elf32-avr)
LOAD linker stubs
